[21:58:08] [ServerMain/INFO]: Environment: authHost='https://authserver.mojang.com', accountsHost='https://api.mojang.com', sessionHost='https://sessionserver.mojang.com', servicesHost='https://api.minecraftservices.com', name='PROD'
[21:58:10] [ServerMain/INFO]: Loaded 7 recipes
[21:58:10] [ServerMain/INFO]: Loaded 1179 advancements
[21:58:11] [Server thread/INFO]: Starting minecraft server version 1.19.4
[21:58:11] [Server thread/INFO]: Loading properties
[21:58:11] [Server thread/INFO]: Default game type: SURVIVAL
[21:58:11] [Server thread/INFO]: Generating keypair
[21:58:11] [Server thread/INFO]: Starting Minecraft server on *:25565
[21:58:11] [Server thread/INFO]: Using epoll channel type
[21:58:11] [Server thread/WARN]: **** SERVER IS RUNNING IN OFFLINE/INSECURE MODE!
[21:58:11] [Server thread/WARN]: The server will make no attempt to authenticate usernames. Beware.
[21:58:11] [Server thread/WARN]: While this makes the game possible to play without internet access, it also opens up the ability for hackers to connect with any username they choose.
[21:58:11] [Server thread/WARN]: To change this, set "online-mode" to "true" in the server.properties file.
[21:58:11] [Server thread/INFO]: Preparing level "world"
[21:58:13] [Server thread/INFO]: Preparing start region for dimension minecraft:overworld
[21:58:18] [Worker-Main-3/INFO]: Preparing spawn area: 0%
[21:58:18] [Worker-Main-1/INFO]: Preparing spawn area: 0%
[21:58:18] [Worker-Main-3/INFO]: Preparing spawn area: 0%
[21:58:18] [Worker-Main-3/INFO]: Preparing spawn area: 0%
[21:58:18] [Worker-Main-2/INFO]: Preparing spawn area: 0%
[21:58:18] [Worker-Main-2/INFO]: Preparing spawn area: 0%
[21:58:18] [Worker-Main-3/INFO]: Preparing spawn area: 0%
[21:58:18] [Worker-Main-3/INFO]: Preparing spawn area: 0%
[21:58:18] [Worker-Main-1/INFO]: Preparing spawn area: 0%
[21:58:18] [Worker-Main-2/INFO]: Preparing spawn area: 0%
[21:58:18] [Worker-Main-1/INFO]: Preparing spawn area: 23%
[21:58:19] [Server thread/INFO]: Time elapsed: 5484 ms
[21:58:19] [Server thread/INFO]: Done (8.022s)! For help, type "help"
[21:58:19] [Server thread/INFO]: refkunMC[/127.113.26.116:38425] logged in with entity id 60 at (1157.4007813555427, 64.0, 678.4076831824323)
[21:58:19] [Server thread/INFO]: refkunMC joined the game
[21:58:21] [Server thread/WARN]: Can't keep up! Is the server overloaded? Running 2343ms or 46 ticks behind
[22:00:12] [Server thread/INFO]: [refkunMC: Set own game mode to Spectator Mode]
[22:00:39] [Server thread/INFO]: [refkunMC: Set own game mode to Survival Mode]
[22:02:05] [Server thread/INFO]: Stopping the server
[22:02:05] [Server thread/INFO]: Stopping server
[22:02:05] [Server thread/INFO]: Saving players
[22:02:05] [Server thread/INFO]: Saving worlds
[22:02:07] [Server thread/INFO]: Saving chunks for level 'ServerLevel[world]'/minecraft:overworld
[22:02:07] [Server thread/INFO]: Saving chunks for level 'ServerLevel[world]'/minecraft:the_end
[22:02:07] [Server thread/INFO]: Saving chunks for level 'ServerLevel[world]'/minecraft:the_nether
[22:02:07] [Server thread/INFO]: ThreadedAnvilChunkStorage (world): All chunks are saved
[22:02:07] [Server thread/INFO]: ThreadedAnvilChunkStorage (DIM1): All chunks are saved
[22:02:07] [Server thread/INFO]: ThreadedAnvilChunkStorage (DIM-1): All chunks are saved
[22:02:07] [Server thread/INFO]: ThreadedAnvilChunkStorage: All dimensions are saved
